// Jest Snapshot v1, https://goo.gl/fbAQLP

exports[`ParaSwap SDK: fetching methods: axiosFetcher Get_Adapters: Get_Adapters 1`] = `
Array [
  "Bancor",
  "Compound",
  "DODOV1",
  "DODOV2",
  "TraderJoeV2.1",
  "Smoothy",
  "CurveV2",
  "Lido",
  "EtherFi",
  "CurveV1",
  "Swerve",
  "BalancerV1",
  "BalancerV2",
  "UniswapV2",
  "DefiSwap",
  "LinkSwap",
  "PancakeSwapV2",
  "SushiSwap",
  "ShibaSwap",
  "Verse",
  "UniswapV3",
  "SushiSwapV3",
  "PancakeswapV3",
  "AaveV2",
  "AaveV3",
  "KyberDmm",
  "Weth",
  "PolygonMigrator",
  "MakerPsm",
  "Synapse",
  "ParaSwapLimitOrders",
  "SolidlyV2",
  "Synthetix",
  "CurveV1Factory",
  "CurveV1StableNg",
  "wstETH",
  "Hashflow",
  "MaverickV1",
  "SwaapV2",
  "AngleStakedStableUSD",
  "AngleStakedStableEUR",
  "SolidlyV3",
  "Wombat",
  "Swell",
  "Spark",
  "AugustusRFQ",
]
`;

exports[`ParaSwap SDK: fetching methods: axiosFetcher Get_Contracts: axiosFetcher 1`] = `
Object {
  "AugustusRFQ": "0xe92b586627ccA7a83dC919cc7127196d70f55a06",
  "AugustusSwapper": "0xDEF171Fe48CF0115B1d80b88dc8eAB59176FEe57",
  "ParaswapDelta": "0x1D7405DF25FD2fe80390DA3A696dcFd5120cA9Ce",
  "Portikus": "0x36fF475499E928590659D5b8aA3A34330a583FD9",
  "TokenTransferProxy": "0x216b4b4ba9f3e719726886d34a177484278bfcae",
}
`;

exports[`ParaSwap SDK: fetching methods: fetchFetcher Get_Adapters: Get_Adapters 1`] = `
Array [
  "Bancor",
  "Compound",
  "DODOV1",
  "DODOV2",
  "TraderJoeV2.1",
  "Smoothy",
  "CurveV2",
  "Lido",
  "EtherFi",
  "CurveV1",
  "Swerve",
  "BalancerV1",
  "BalancerV2",
  "UniswapV2",
  "DefiSwap",
  "LinkSwap",
  "PancakeSwapV2",
  "SushiSwap",
  "ShibaSwap",
  "Verse",
  "UniswapV3",
  "SushiSwapV3",
  "PancakeswapV3",
  "AaveV2",
  "AaveV3",
  "KyberDmm",
  "Weth",
  "PolygonMigrator",
  "MakerPsm",
  "Synapse",
  "ParaSwapLimitOrders",
  "SolidlyV2",
  "Synthetix",
  "CurveV1Factory",
  "CurveV1StableNg",
  "wstETH",
  "Hashflow",
  "MaverickV1",
  "SwaapV2",
  "AngleStakedStableUSD",
  "AngleStakedStableEUR",
  "SolidlyV3",
  "Wombat",
  "Swell",
  "Spark",
  "AugustusRFQ",
]
`;

exports[`ParaSwap SDK: fetching methods: fetchFetcher Get_Contracts: fetchFetcher 1`] = `
Object {
  "AugustusRFQ": "0xe92b586627ccA7a83dC919cc7127196d70f55a06",
  "AugustusSwapper": "0xDEF171Fe48CF0115B1d80b88dc8eAB59176FEe57",
  "ParaswapDelta": "0x1D7405DF25FD2fe80390DA3A696dcFd5120cA9Ce",
  "Portikus": "0x36fF475499E928590659D5b8aA3A34330a583FD9",
  "TokenTransferProxy": "0x216b4b4ba9f3e719726886d34a177484278bfcae",
}
`;
